// Jest Snapshot v1, https://goo.gl/fbAQLP

exports[`Entry component tests should match the snapshot 1`] = `
<div class="entry-container mb-3 pointer p-2">
  <!-- Titulo -->
  <div class="entry-title d-flex"><span class="text-success fs-5 fw-bold">14</span><span class="mx-1 fs-5">Junio</span><span class="mx-2 fw-light">2022, Martes</span></div>
  <div class="entry-description">Hello world from mock data</div>
</div>
`;
